[INFO] Scanning for projects...
[INFO] 
[INFO] ----------------------< br.com.examplefatec:demo >----------------------
[INFO] Building demo 0.0.1-SNAPSHOT
[INFO]   from pom.xml
[INFO] --------------------------------[ jar ]---------------------------------
[INFO] 
[INFO] >>> spring-boot:4.0.3:run (default-cli) > test-compile @ demo >>>
[INFO] 
[INFO] --- resources:3.3.1:resources (default-resources) @ demo ---
[INFO] Copying 2 resources from src\main\resources to target\classes
[INFO] Copying 12 resources from src\main\resources to target\classes
[INFO] 
[INFO] --- compiler:3.14.1:compile (default-compile) @ demo ---
[INFO] Nothing to compile - all classes are up to date.
[INFO] 
[INFO] --- resources:3.3.1:testResources (default-testResources) @ demo ---
[INFO] Copying 1 resource from src\test\resources to target\test-classes
[INFO] 
[INFO] --- compiler:3.14.1:testCompile (default-testCompile) @ demo ---
[INFO] Nothing to compile - all classes are up to date.
[INFO] 
[INFO] <<< spring-boot:4.0.3:run (default-cli) < test-compile @ demo <<<
[INFO] 
[INFO] 
[INFO] --- spring-boot:4.0.3:run (default-cli) @ demo ---
[INFO] Attaching agents: []

  .   ____          _            __ _ _
 /\\ / ___'_ __ _ _(_)_ __  __ _ \ \ \ \
( ( )\___ | '_ | '_| | '_ \/ _` | \ \ \ \
 \\/  ___)| |_)| | | | | || (_| |  ) ) ) )
  '  |____| .__|_| |_|_| |_\__, | / / / /
 =========|_|==============|___/=/_/_/_/

 :: Spring Boot ::                (v4.0.3)

2026-05-18T17:22:46.169-03:00  INFO 3964 --- [demo] [           main] br.com.examplefatec.DemoApplication      : Starting DemoApplication using Java 26 with PID 3964 (C:\Users\User\Documents\DevOps\FatecAds\demo\target\classes started by User in C:\Users\User\Documents\DevOps\FatecAds\demo)
2026-05-18T17:22:46.175-03:00  INFO 3964 --- [demo] [           main] br.com.examplefatec.DemoApplication      : The following 1 profile is active: "dev"
2026-05-18T17:22:47.470-03:00  INFO 3964 --- [demo] [           main] .s.d.r.c.RepositoryConfigurationDelegate : Bootstrapping Spring Data JPA repositories in DEFAULT mode.
2026-05-18T17:22:47.575-03:00  INFO 3964 --- [demo] [           main] .s.d.r.c.RepositoryConfigurationDelegate : Finished Spring Data repository scanning in 94 ms. Found 5 JPA repository interfaces.
2026-05-18T17:22:48.509-03:00  INFO 3964 --- [demo] [           main] o.s.boot.tomcat.TomcatWebServer          : Tomcat initialized with port 8080 (http)
2026-05-18T17:22:48.534-03:00  INFO 3964 --- [demo] [           main] o.apache.catalina.core.StandardService   : Starting service [Tomcat]
2026-05-18T17:22:48.535-03:00  INFO 3964 --- [demo] [           main] o.apache.catalina.core.StandardEngine    : Starting Servlet engine: [Apache Tomcat/11.0.18]
2026-05-18T17:22:48.633-03:00  INFO 3964 --- [demo] [           main] b.w.c.s.WebApplicationContextInitializer : Root WebApplicationContext: initialization completed in 2347 ms
2026-05-18T17:22:48.920-03:00  INFO 3964 --- [demo] [           main] org.hibernate.orm.jpa                    : HHH008540: Processing PersistenceUnitInfo [name: default]
2026-05-18T17:22:49.003-03:00  INFO 3964 --- [demo] [           main] org.hibernate.orm.core                   : HHH000001: Hibernate ORM core version 7.2.4.Final
2026-05-18T17:22:50.267-03:00  INFO 3964 --- [demo] [           main] o.s.o.j.p.SpringPersistenceUnitInfo      : No LoadTimeWeaver setup: ignoring JPA class transformer
2026-05-18T17:22:50.365-03:00  INFO 3964 --- [demo] [           main] com.zaxxer.hikari.HikariDataSource       : HikariPool-1 - Starting...
2026-05-18T17:22:50.975-03:00  INFO 3964 --- [demo] [           main] com.zaxxer.hikari.pool.HikariPool        : HikariPool-1 - Added connection conn0: url=jdbc:h2:mem:fatecads_dev user=SA
2026-05-18T17:22:50.979-03:00  INFO 3964 --- [demo] [           main] com.zaxxer.hikari.HikariDataSource       : HikariPool-1 - Start completed.
2026-05-18T17:22:51.132-03:00  INFO 3964 --- [demo] [           main] org.hibernate.orm.connections.pooling    : HHH10001005: Database info:
	Database JDBC URL [jdbc:h2:mem:fatecads_dev]
	Database driver: H2 JDBC Driver
	Database dialect: H2Dialect
	Database version: 2.4.240
	Default catalog/schema: FATECADS_DEV/PUBLIC
	Autocommit mode: undefined/unknown
	Isolation level: READ_COMMITTED [default READ_COMMITTED]
	JDBC fetch size: 100
	Pool: DataSourceConnectionProvider
	Minimum pool size: undefined/unknown
	Maximum pool size: undefined/unknown
Hibernate: create global temporary table HTE_professor(idProfessor integer, rn_ integer not null, telefone varchar(15), rm varchar(20), graduacao varchar(80), nome varchar(80), primary key (rn_)) transactional
Hibernate: create global temporary table HTE_disciplina(cargaHoraria integer, idDisciplina integer, rn_ integer not null, sigla varchar(10), nome varchar(80), primary key (rn_)) transactional
Hibernate: create global temporary table HTE_usuario(idUsuario integer, rn_ integer not null, nomeUsuario varchar(80), emailUsuario varchar(100), senhaUsuario varchar(100), primary key (rn_)) transactional
Hibernate: create global temporary table HTE_curso(cargaHorariaCurso integer, idCurso integer, rn_ integer not null, nomeCurso varchar(40), periodoCurso varchar(40), primary key (rn_)) transactional
Hibernate: create global temporary table HTE_aluno(curso_idCurso integer, idAluno integer, rn_ integer not null, cpfAluno varchar(11), telefoneAluno varchar(11), nomeAluno varchar(40), enderecoAluno varchar(50), emailAluno varchar(100), raAluno varchar(255), primary key (rn_)) transactional
2026-05-18T17:22:53.811-03:00  INFO 3964 --- [demo] [           main] org.hibernate.orm.core                   : HHH000489: No JTA platform available (set 'hibernate.transaction.jta.platform' to enable JTA platform integration)
Hibernate: create table aluno (id_aluno integer not null, cpf_aluno varchar(11) not null, email_aluno varchar(100), endereco_aluno varchar(50) not null, nome_aluno varchar(40) not null, ra_aluno varchar(255) not null, telefone_aluno varchar(11) not null, id_curso_fk integer, primary key (id_aluno))
Hibernate: create table curso (id_curso integer not null, carga_horaria_curso integer not null, nome_curso varchar(40) not null, periodo_curso varchar(40) not null, primary key (id_curso))
Hibernate: create table disciplina (id_disciplina integer not null, carga_horaria integer not null, nome varchar(80) not null, sigla varchar(10) not null, primary key (id_disciplina))
Hibernate: create table professor (id_professor integer not null, graduacao varchar(80) not null, nome varchar(80) not null, rm varchar(20) not null, telefone varchar(15) not null, primary key (id_professor))
Hibernate: create table usuario (id_usuario integer not null, email_usuario varchar(100) not null, nome_usuario varchar(80) not null, senha_usuario varchar(100) not null, primary key (id_usuario))
Hibernate: alter table if exists usuario drop constraint if exists UKisxwoo508iq2mrksqgheuh3r3
Hibernate: alter table if exists usuario add constraint UKisxwoo508iq2mrksqgheuh3r3 unique (email_usuario)
Hibernate: create sequence aluno_seq start with 1 increment by 50
Hibernate: create sequence curso_seq start with 1 increment by 50
Hibernate: create sequence disciplina_seq start with 1 increment by 50
Hibernate: create sequence professor_seq start with 1 increment by 50
Hibernate: create sequence usuario_seq start with 1 increment by 50
Hibernate: alter table if exists aluno add constraint FKs8xb7ahaf2a0c67k484xm8k1b foreign key (id_curso_fk) references curso
2026-05-18T17:22:53.896-03:00  INFO 3964 --- [demo] [           main] j.LocalContainerEntityManagerFactoryBean : Initialized JPA EntityManagerFactory for persistence unit 'default'
2026-05-18T17:22:54.007-03:00  INFO 3964 --- [demo] [           main] o.s.d.j.r.query.QueryEnhancerFactories   : Hibernate is in classpath; If applicable, HQL parser will be used.
2026-05-18T17:22:54.403-03:00  WARN 3964 --- [demo] [           main] JpaBaseConfiguration$JpaWebConfiguration : spring.jpa.open-in-view is enabled by default. Therefore, database queries may be performed during view rendering. Explicitly configure spring.jpa.open-in-view to disable this warning
2026-05-18T17:22:54.511-03:00  INFO 3964 --- [demo] [           main] r$InitializeUserDetailsManagerConfigurer : Global AuthenticationManager configured with UserDetailsService bean with name userDetailsServiceImpl
2026-05-18T17:22:54.739-03:00  INFO 3964 --- [demo] [           main] o.s.b.w.a.WelcomePageHandlerMapping      : Adding welcome page template: index
2026-05-18T17:22:55.217-03:00  INFO 3964 --- [demo] [           main] .w.s.a.s.AnnotationActionEndpointMapping : Supporting [WS-Addressing August 2004, WS-Addressing 1.0]
2026-05-18T17:22:55.307-03:00  INFO 3964 --- [demo] [           main] o.s.boot.tomcat.TomcatWebServer          : Tomcat started on port 8080 (http) with context path '/'
2026-05-18T17:22:55.316-03:00  INFO 3964 --- [demo] [           main] br.com.examplefatec.DemoApplication      : Started DemoApplication in 9.888 seconds (process running for 10.625)
2026-05-18T17:23:05.415-03:00  INFO 3964 --- [demo] [nio-8080-exec-1] o.a.c.c.C.[Tomcat].[localhost].[/]       : Initializing Spring DispatcherServlet 'dispatcherServlet'
2026-05-18T17:23:05.416-03:00  INFO 3964 --- [demo] [nio-8080-exec-1] o.s.web.servlet.DispatcherServlet        : Initializing Servlet 'dispatcherServlet'
2026-05-18T17:23:05.419-03:00  INFO 3964 --- [demo] [nio-8080-exec-1] o.s.web.servlet.DispatcherServlet        : Completed initialization in 2 ms
Hibernate: select next value for usuario_seq
Hibernate: insert into usuario (email_usuario,nome_usuario,senha_usuario,id_usuario) values (?,?,?,?)
Hibernate: select u1_0.id_usuario,u1_0.email_usuario,u1_0.nome_usuario,u1_0.senha_usuario from usuario u1_0 where u1_0.email_usuario=?
Hibernate: select u1_0.id_usuario,u1_0.email_usuario,u1_0.nome_usuario,u1_0.senha_usuario from usuario u1_0 where u1_0.email_usuario=?
Hibernate: select a1_0.id_aluno,a1_0.cpf_aluno,a1_0.id_curso_fk,a1_0.email_aluno,a1_0.endereco_aluno,a1_0.nome_aluno,a1_0.ra_aluno,a1_0.telefone_aluno from aluno a1_0
Hibernate: select p1_0.id_professor,p1_0.graduacao,p1_0.nome,p1_0.rm,p1_0.telefone from professor p1_0
Hibernate: select u1_0.id_usuario,u1_0.email_usuario,u1_0.nome_usuario,u1_0.senha_usuario from usuario u1_0 where u1_0.email_usuario=?
Hibernate: select u1_0.id_usuario,u1_0.email_usuario,u1_0.nome_usuario,u1_0.senha_usuario from usuario u1_0 where u1_0.email_usuario=?
Hibernate: select u1_0.id_usuario,u1_0.email_usuario,u1_0.nome_usuario,u1_0.senha_usuario from usuario u1_0
